Archive member included to satisfy reference by file (symbol)

lib\mega2.X.a(button.o)       build/ATmega16A/production/src/Events.o (NO_BUTTONCODE)
lib\mega2.X.a(csma.o)         build/ATmega16A/production/src/configuration.o (csmaloadConfig)
lib\mega2.X.a(eeprom.o)       build/ATmega16A/production/src/configuration.o (eepromWriteBuf)
lib\mega2.X.a(system.o)       build/ATmega16A/production/src/PowerOn.o (sysSetPeriodMS)
lib\mega2.X.a(tone.o)         build/ATmega16A/production/src/userSystem.o (isTonePlaying)
lib\mega2.X.a(usart.o)        lib\mega2.X.a(csma.o) (usart0PutByte)
lib\mega2.X.a(utility.o)      lib\mega2.X.a(csma.o) (map)
lib\mega2.X.a(mega.o)         C:/Program Files/Microchip/MPLABX/v6.05/packs/Microchip/ATmega_DFP/3.0.158/gcc/dev/atmega16a/avr5/crtatmega16a.o (main)
lib\mega2.X.a(buffers.o)      lib\mega2.X.a(button.o) (structBufferInit)
f:/embbeded system/avr8-gnu-toolchain-win32_x86_64/bin/../lib/gcc/avr/7.3.0/avr5\libgcc.a(_udivmodqi4.o)
                              lib\mega2.X.a(utility.o) (__udivmodqi4)
f:/embbeded system/avr8-gnu-toolchain-win32_x86_64/bin/../lib/gcc/avr/7.3.0/avr5\libgcc.a(_divmodhi4.o)
                              lib\mega2.X.a(utility.o) (__divmodhi4)
f:/embbeded system/avr8-gnu-toolchain-win32_x86_64/bin/../lib/gcc/avr/7.3.0/avr5\libgcc.a(_udivmodsi4.o)
                              lib\mega2.X.a(csma.o) (__udivmodsi4)
f:/embbeded system/avr8-gnu-toolchain-win32_x86_64/bin/../lib/gcc/avr/7.3.0/avr5\libgcc.a(_exit.o)
                              C:/Program Files/Microchip/MPLABX/v6.05/packs/Microchip/ATmega_DFP/3.0.158/gcc/dev/atmega16a/avr5/crtatmega16a.o (exit)
f:/embbeded system/avr8-gnu-toolchain-win32_x86_64/bin/../lib/gcc/avr/7.3.0/avr5\libgcc.a(_tablejump2.o)
                              build/ATmega16A/production/src/userSystem.o (__tablejump2__)
f:/embbeded system/avr8-gnu-toolchain-win32_x86_64/bin/../lib/gcc/avr/7.3.0/avr5\libgcc.a(_clear_bss.o)
                              build/ATmega16A/production/src/Requests.o (__do_clear_bss)
f:/embbeded system/avr8-gnu-toolchain-win32_x86_64/bin/../lib/gcc/avr/7.3.0/avr5\libgcc.a(_umulhisi3.o)
                              lib\mega2.X.a(csma.o) (__umulhisi3)
f:/embbeded system/avr8-gnu-toolchain-win32_x86_64/bin/../lib/gcc/avr/7.3.0/avr5\libgcc.a(_muluhisi3.o)
                              lib\mega2.X.a(system.o) (__muluhisi3)
f:/embbeded system/avr8-gnu-toolchain-win32_x86_64/bin/../lib/gcc/avr/7.3.0/avr5\libgcc.a(_mulshisi3.o)
                              lib\mega2.X.a(utility.o) (__mulshisi3)
f:/embbeded system/avr8-gnu-toolchain-win32_x86_64/bin/../lib/gcc/avr/7.3.0/avr5\libgcc.a(_udivmodhi4.o)
                              f:/embbeded system/avr8-gnu-toolchain-win32_x86_64/bin/../lib/gcc/avr/7.3.0/avr5\libgcc.a(_divmodhi4.o) (__udivmodhi4)
f:/embbeded system/avr8-gnu-toolchain-win32_x86_64/bin/../lib/gcc/avr/7.3.0/../../../../avr/lib/avr5\libc.a(random.o)
                              lib\mega2.X.a(csma.o) (random)
f:/embbeded system/avr8-gnu-toolchain-win32_x86_64/bin/../lib/gcc/avr/7.3.0/../../../../avr/lib/avr5\libc.a(memcpy_P.o)
                              lib\mega2.X.a(utility.o) (memcpy_P)
f:/embbeded system/avr8-gnu-toolchain-win32_x86_64/bin/../lib/gcc/avr/7.3.0/../../../../avr/lib/avr5\libc.a(strlen_P.o)
                              lib\mega2.X.a(utility.o) (__strlen_P)
f:/embbeded system/avr8-gnu-toolchain-win32_x86_64/bin/../lib/gcc/avr/7.3.0/avr5\libgcc.a(_divmodsi4.o)
                              f:/embbeded system/avr8-gnu-toolchain-win32_x86_64/bin/../lib/gcc/avr/7.3.0/../../../../avr/lib/avr5\libc.a(random.o) (__divmodsi4)
f:/embbeded system/avr8-gnu-toolchain-win32_x86_64/bin/../lib/gcc/avr/7.3.0/avr5\libgcc.a(_negsi2.o)
                              f:/embbeded system/avr8-gnu-toolchain-win32_x86_64/bin/../lib/gcc/avr/7.3.0/avr5\libgcc.a(_divmodsi4.o) (__negsi2)
f:/embbeded system/avr8-gnu-toolchain-win32_x86_64/bin/../lib/gcc/avr/7.3.0/avr5\libgcc.a(_copy_data.o)
                              f:/embbeded system/avr8-gnu-toolchain-win32_x86_64/bin/../lib/gcc/avr/7.3.0/../../../../avr/lib/avr5\libc.a(random.o) (__do_copy_data)

Allocating common symbols
Common symbol       size              file

gpu8data            0x2               lib\mega2.X.a(eeprom.o)
gu16address         0x2               lib\mega2.X.a(eeprom.o)
gu8IP               0x1               build/ATmega16A/production/src/configuration.o
gpSystemConig       0x2               build/ATmega16A/production/src/Requests.o
gu8RW               0x1               lib\mega2.X.a(eeprom.o)
gu8WriteState       0x1               build/ATmega16A/production/src/configuration.o
gu8size             0x1               lib\mega2.X.a(eeprom.o)
gstEepromTimeOut    0x4               lib\mega2.X.a(eeprom.o)
gu8DataIndex        0x1               lib\mega2.X.a(eeprom.o)
gu8State            0x1               lib\mega2.X.a(eeprom.o)

Discarded input sections

 .data          0x0000000000000000        0x0 C:/Program Files/Microchip/MPLABX/v6.05/packs/Microchip/ATmega_DFP/3.0.158/gcc/dev/atmega16a/avr5/crtatmega16a.o
 .bss           0x0000000000000000        0x0 C:/Program Files/Microchip/MPLABX/v6.05/packs/Microchip/ATmega_DFP/3.0.158/gcc/dev/atmega16a/avr5/crtatmega16a.o
 .text          0x0000000000000000        0x0 build/ATmega16A/production/src/app.o
 .data          0x0000000000000000        0x0 build/ATmega16A/production/src/app.o
 .bss           0x0000000000000000        0x0 build/ATmega16A/production/src/app.o
 .text          0x0000000000000000        0x0 build/ATmega16A/production/src/Requests.o
 .data          0x0000000000000000        0x0 build/ATmega16A/production/src/Requests.o
 .bss           0x0000000000000000        0x0 build/ATmega16A/production/src/Requests.o
 .text          0x0000000000000000        0x0 build/ATmega16A/production/src/Events.o
 .data          0x0000000000000000        0x0 build/ATmega16A/production/src/Events.o
 .bss           0x0000000000000000        0x0 build/ATmega16A/production/src/Events.o
 .text          0x0000000000000000        0x0 build/ATmega16A/production/src/userSystem.o
 .data          0x0000000000000000        0x0 build/ATmega16A/production/src/userSystem.o
 .bss           0x0000000000000000        0x0 build/ATmega16A/production/src/userSystem.o
 .text.UserSetAcceptValueRun
                0x0000000000000000        0x2 build/ATmega16A/production/src/userSystem.o
 .avr.prop      0x0000000000000000       0x16 build/ATmega16A/production/src/userSystem.o
 .text          0x0000000000000000        0x0 build/ATmega16A/production/src/configuration.o
 .data          0x0000000000000000        0x0 build/ATmega16A/production/src/configuration.o
 .bss           0x0000000000000000        0x0 build/ATmega16A/production/src/configuration.o
 .avr.prop      0x0000000000000000       0x16 build/ATmega16A/production/src/configuration.o
 .text          0x0000000000000000        0x0 build/ATmega16A/production/src/PowerOn.o
 .data          0x0000000000000000        0x0 build/ATmega16A/production/src/PowerOn.o
 .bss           0x0000000000000000        0x0 build/ATmega16A/production/src/PowerOn.o
 .text          0x0000000000000000        0x0 build/ATmega16A/production/src/network.o
 .data          0x0000000000000000        0x0 build/ATmega16A/production/src/network.o
 .bss           0x0000000000000000        0x0 build/ATmega16A/production/src/network.o
 .text          0x0000000000000000        0x0 lib\mega2.X.a(button.o)
 .data          0x0000000000000000        0x0 lib\mega2.X.a(button.o)
 .bss           0x0000000000000000        0x0 lib\mega2.X.a(button.o)
 .text          0x0000000000000000        0x0 lib\mega2.X.a(csma.o)
 .data          0x0000000000000000        0x0 lib\mega2.X.a(csma.o)
 .bss           0x0000000000000000        0x0 lib\mega2.X.a(csma.o)
 .text.sendBlockFrame
                0x0000000000000000       0x20 lib\mega2.X.a(csma.o)
 .text.csmaInitStationAddress
                0x0000000000000000        0x6 lib\mega2.X.a(csma.o)
 .text.clearCurrentDataFrame
                0x0000000000000000       0x1c lib\mega2.X.a(csma.o)
 .text          0x0000000000000000        0x0 lib\mega2.X.a(eeprom.o)
 .data          0x0000000000000000        0x0 lib\mega2.X.a(eeprom.o)
 .bss           0x0000000000000000        0x0 lib\mega2.X.a(eeprom.o)
 .text.eepromRequestByte
                0x0000000000000000       0x40 lib\mega2.X.a(eeprom.o)
 .text          0x0000000000000000        0x0 lib\mega2.X.a(system.o)
 .data          0x0000000000000000        0x0 lib\mega2.X.a(system.o)
 .bss           0x0000000000000000        0x0 lib\mega2.X.a(system.o)
 .text.stopHwTimer0
                0x0000000000000000        0xa lib\mega2.X.a(system.o)
 .text.systemSleep
                0x0000000000000000       0x18 lib\mega2.X.a(system.o)
 .text.sysUpdateNow
                0x0000000000000000       0x2a lib\mega2.X.a(system.o)
 .text.systemSecondEvent
                0x0000000000000000       0x14 lib\mega2.X.a(system.o)
 .text.ClearsystemSecondEvent
                0x0000000000000000        0x8 lib\mega2.X.a(system.o)
 .text.sysTimerInitMS
                0x0000000000000000       0x9c lib\mega2.X.a(system.o)
 .text.sysTimerResetMS
                0x0000000000000000       0x44 lib\mega2.X.a(system.o)
 .text.sysTimerCheckMs
                0x0000000000000000       0x8c lib\mega2.X.a(system.o)
 .text.systemMicros
                0x0000000000000000       0x4c lib\mega2.X.a(system.o)
 .text.sysSetPeriodUs
                0x0000000000000000       0x34 lib\mega2.X.a(system.o)
 .text.sysTimerInitUs
                0x0000000000000000       0x9c lib\mega2.X.a(system.o)
 .text.sysIsTimeoutUs
                0x0000000000000000       0x4c lib\mega2.X.a(system.o)
 .text.sysTimerResetUS
                0x0000000000000000       0x44 lib\mega2.X.a(system.o)
 .text.sysTimerCheckUs
                0x0000000000000000       0x8c lib\mega2.X.a(system.o)
 .text.systemNow
                0x0000000000000000       0x18 lib\mega2.X.a(system.o)
 .text.sysSetPeriodS
                0x0000000000000000       0x34 lib\mega2.X.a(system.o)
 .text.sysTimerInitS
                0x0000000000000000       0x7c lib\mega2.X.a(system.o)
 .text.sysIsTimeoutS
                0x0000000000000000       0x34 lib\mega2.X.a(system.o)
 .text.sysTimerResetS
                0x0000000000000000       0x44 lib\mega2.X.a(system.o)
 .text.sysTimerCheckS
                0x0000000000000000       0x7a lib\mega2.X.a(system.o)
 .text.systemReadHalfSecond
                0x0000000000000000        0xc lib\mega2.X.a(system.o)
 .text.__delay_ms
                0x0000000000000000       0x30 lib\mega2.X.a(system.o)
 .text.__delay_us
                0x0000000000000000       0x30 lib\mega2.X.a(system.o)
 .text          0x0000000000000000        0x0 lib\mega2.X.a(tone.o)
 .data          0x0000000000000000        0x0 lib\mega2.X.a(tone.o)
 .bss           0x0000000000000000        0x0 lib\mega2.X.a(tone.o)
 .text          0x0000000000000000        0x0 lib\mega2.X.a(usart.o)
 .data          0x0000000000000000        0x0 lib\mega2.X.a(usart.o)
 .bss           0x0000000000000000        0x0 lib\mega2.X.a(usart.o)
 .text          0x0000000000000000        0x0 lib\mega2.X.a(utility.o)
 .data          0x0000000000000000        0x0 lib\mega2.X.a(utility.o)
 .bss           0x0000000000000000        0x0 lib\mega2.X.a(utility.o)
 .text.u8Decoder
                0x0000000000000000       0x2a lib\mega2.X.a(utility.o)
 .text.hex8TOASII
                0x0000000000000000       0x24 lib\mega2.X.a(utility.o)
 .text.cpyStringToBuff
                0x0000000000000000       0x16 lib\mega2.X.a(utility.o)
 .text.scllormessage
                0x0000000000000000       0x72 lib\mega2.X.a(utility.o)
 .text.DecToBcdFun
                0x0000000000000000       0x14 lib\mega2.X.a(utility.o)
 .text.BcdToDecFun
                0x0000000000000000       0x12 lib\mega2.X.a(utility.o)
 .text.conv2d   0x0000000000000000       0x1a lib\mega2.X.a(utility.o)
 .text.print2d  0x0000000000000000       0x16 lib\mega2.X.a(utility.o)
 .text.print3d  0x0000000000000000       0x2e lib\mega2.X.a(utility.o)
 .text.ResetScollMessage
                0x0000000000000000        0x6 lib\mega2.X.a(utility.o)
 .text.u16TOASII
                0x0000000000000000       0x8c lib\mega2.X.a(utility.o)
 .text.u8TOASII
                0x0000000000000000       0x8e lib\mega2.X.a(utility.o)
 .text.Edit2Digit
                0x0000000000000000       0x4c lib\mega2.X.a(utility.o)
 .text.u32TOASII
                0x0000000000000000       0x8a lib\mega2.X.a(utility.o)
 .text.PrintMessage
                0x0000000000000000       0x4c lib\mega2.X.a(utility.o)
 .text.arraytoU8
                0x0000000000000000       0x3c lib\mega2.X.a(utility.o)
 .text.arraytoU16
                0x0000000000000000       0x3c lib\mega2.X.a(utility.o)
 .text.u8ToBCD  0x0000000000000000       0x3e lib\mega2.X.a(utility.o)
 .text.u16ToBCD
                0x0000000000000000       0x48 lib\mega2.X.a(utility.o)
 .bss.position  0x0000000000000000        0x1 lib\mega2.X.a(utility.o)
 .text          0x0000000000000000        0x0 lib\mega2.X.a(mega.o)
 .data          0x0000000000000000        0x0 lib\mega2.X.a(mega.o)
 .bss           0x0000000000000000        0x0 lib\mega2.X.a(mega.o)
 .text          0x0000000000000000        0x0 lib\mega2.X.a(buffers.o)
 .data          0x0000000000000000        0x0 lib\mega2.X.a(buffers.o)
 .bss           0x0000000000000000        0x0 lib\mega2.X.a(buffers.o)
 .text.Buffer_Is_Empty
                0x0000000000000000        0xe lib\mega2.X.a(buffers.o)
 .text.Buffer_Is_Full
                0x0000000000000000        0xe lib\mega2.X.a(buffers.o)
 .text.byteBufferInit
                0x0000000000000000       0x10 lib\mega2.X.a(buffers.o)
 .text.TLVBufferInit
                0x0000000000000000       0x12 lib\mega2.X.a(buffers.o)
 .text.getExistingLength
                0x0000000000000000        0x6 lib\mega2.X.a(buffers.o)
 .text.getTlvCount
                0x0000000000000000        0x6 lib\mega2.X.a(buffers.o)
 .text.getStructCount
                0x0000000000000000        0xc lib\mega2.X.a(buffers.o)
 .text.putTLV   0x0000000000000000       0x7e lib\mega2.X.a(buffers.o)
 .text.getTLV   0x0000000000000000       0x58 lib\mega2.X.a(buffers.o)
 .text          0x0000000000000000        0x0 f:/embbeded system/avr8-gnu-toolchain-win32_x86_64/bin/../lib/gcc/avr/7.3.0/avr5\libgcc.a(_udivmodqi4.o)
 .data          0x0000000000000000        0x0 f:/embbeded system/avr8-gnu-toolchain-win32_x86_64/bin/../lib/gcc/avr/7.3.0/avr5\libgcc.a(_udivmodqi4.o)
 .bss           0x0000000000000000        0x0 f:/embbeded system/avr8-gnu-toolchain-win32_x86_64/bin/../lib/gcc/avr/7.3.0/avr5\libgcc.a(_udivmodqi4.o)
 .text.libgcc.mul
                0x0000000000000000        0x0 f:/embbeded system/avr8-gnu-toolchain-win32_x86_64/bin/../lib/gcc/avr/7.3.0/avr5\libgcc.a(_udivmodqi4.o)
 .text.libgcc.div
                0x0000000000000000       0x18 f:/embbeded system/avr8-gnu-toolchain-win32_x86_64/bin/../lib/gcc/avr/7.3.0/avr5\libgcc.a(_udivmodqi4.o)
 .text.libgcc   0x0000000000000000        0x0 f:/embbeded system/avr8-gnu-toolchain-win32_x86_64/bin/../lib/gcc/avr/7.3.0/avr5\libgcc.a(_udivmodqi4.o)
 .text.libgcc.prologue
                0x0000000000000000        0x0 f:/embbeded system/avr8-gnu-toolchain-win32_x86_64/bin/../lib/gcc/avr/7.3.0/avr5\libgcc.a(_udivmodqi4.o)
 .text.libgcc.builtins
                0x0000000000000000        0x0 f:/embbeded system/avr8-gnu-toolchain-win32_x86_64/bin/../lib/gcc/avr/7.3.0/avr5\libgcc.a(_udivmodqi4.o)
 .text.libgcc.fmul
                0x0000000000000000        0x0 f:/embbeded system/avr8-gnu-toolchain-win32_x86_64/bin/../lib/gcc/avr/7.3.0/avr5\libgcc.a(_udivmodqi4.o)
 .text.libgcc.fixed
                0x0000000000000000        0x0 f:/embbeded system/avr8-gnu-toolchain-win32_x86_64/bin/../lib/gcc/avr/7.3.0/avr5\libgcc.a(_udivmodqi4.o)
 .text          0x0000000000000000        0x0 f:/embbeded system/avr8-gnu-toolchain-win32_x86_64/bin/../lib/gcc/avr/7.3.0/avr5\libgcc.a(_divmodhi4.o)
 .data          0x0000000000000000        0x0 f:/embbeded system/avr8-gnu-toolchain-win32_x86_64/bin/../lib/gcc/avr/7.3.0/avr5\libgcc.a(_divmodhi4.o)
 .bss           0x0000000000000000        0x0 f:/embbeded system/avr8-gnu-toolchain-win32_x86_64/bin/../lib/gcc/avr/7.3.0/avr5\libgcc.a(_divmodhi4.o)
 .text.libgcc.mul
                0x0000000000000000        0x0 f:/embbeded system/avr8-gnu-toolchain-win32_x86_64/bin/../lib/gcc/avr/7.3.0/avr5\libgcc.a(_divmodhi4.o)
 .text.libgcc.div
                0x0000000000000000       0x28 f:/embbeded system/avr8-gnu-toolchain-win32_x86_64/bin/../lib/gcc/avr/7.3.0/avr5\libgcc.a(_divmodhi4.o)
 .text.libgcc   0x0000000000000000        0x0 f:/embbeded system/avr8-gnu-toolchain-win32_x86_64/bin/../lib/gcc/avr/7.3.0/avr5\libgcc.a(_divmodhi4.o)
 .text.libgcc.prologue
                0x0000000000000000        0x0 f:/embbeded system/avr8-gnu-toolchain-win32_x86_64/bin/../lib/gcc/avr/7.3.0/avr5\libgcc.a(_divmodhi4.o)
 .text.libgcc.builtins
                0x0000000000000000        0x0 f:/embbeded system/avr8-gnu-toolchain-win32_x86_64/bin/../lib/gcc/avr/7.3.0/avr5\libgcc.a(_divmodhi4.o)
 .text.libgcc.fmul
                0x0000000000000000        0x0 f:/embbeded system/avr8-gnu-toolchain-win32_x86_64/bin/../lib/gcc/avr/7.3.0/avr5\libgcc.a(_divmodhi4.o)
 .text.libgcc.fixed
                0x0000000000000000        0x0 f:/embbeded system/avr8-gnu-toolchain-win32_x86_64/bin/../lib/gcc/avr/7.3.0/avr5\libgcc.a(_divmodhi4.o)
 .text          0x0000000000000000        0x0 f:/embbeded system/avr8-gnu-toolchain-win32_x86_64/bin/../lib/gcc/avr/7.3.0/avr5\libgcc.a(_udivmodsi4.o)
 .data          0x0000000000000000        0x0 f:/embbeded system/avr8-gnu-toolchain-win32_x86_64/bin/../lib/gcc/avr/7.3.0/avr5\libgcc.a(_udivmodsi4.o)
 .bss           0x0000000000000000        0x0 f:/embbeded system/avr8-gnu-toolchain-win32_x86_64/bin/../lib/gcc/avr/7.3.0/avr5\libgcc.a(_udivmodsi4.o)
 .text.libgcc.mul
                0x0000000000000000        0x0 f:/embbeded system/avr8-gnu-toolchain-win32_x86_64/bin/../lib/gcc/avr/7.3.0/avr5\libgcc.a(_udivmodsi4.o)
 .text.libgcc   0x0000000000000000        0x0 f:/embbeded system/avr8-gnu-toolchain-win32_x86_64/bin/../lib/gcc/avr/7.3.0/avr5\libgcc.a(_udivmodsi4.o)
 .text.libgcc.prologue
                0x0000000000000000        0x0 f:/embbeded system/avr8-gnu-toolchain-win32_x86_64/bin/../lib/gcc/avr/7.3.0/avr5\libgcc.a(_udivmodsi4.o)
 .text.libgcc.builtins
                0x0000000000000000        0x0 f:/embbeded system/avr8-gnu-toolchain-win32_x86_64/bin/../lib/gcc/avr/7.3.0/avr5\libgcc.a(_udivmodsi4.o)
 .text.libgcc.fmul
                0x0000000000000000        0x0 f:/embbeded system/avr8-gnu-toolchain-win32_x86_64/bin/../lib/gcc/avr/7.3.0/avr5\libgcc.a(_udivmodsi4.o)
 .text.libgcc.fixed
                0x0000000000000000        0x0 f:/embbeded system/avr8-gnu-toolchain-win32_x86_64/bin/../lib/gcc/avr/7.3.0/avr5\libgcc.a(_udivmodsi4.o)
 .text          0x0000000000000000        0x0 f:/embbeded system/avr8-gnu-toolchain-win32_x86_64/bin/../lib/gcc/avr/7.3.0/avr5\libgcc.a(_exit.o)
 .data          0x0000000000000000        0x0 f:/embbeded system/avr8-gnu-toolchain-win32_x86_64/bin/../lib/gcc/avr/7.3.0/avr5\libgcc.a(_exit.o)
 .bss           0x0000000000000000        0x0 f:/embbeded system/avr8-gnu-toolchain-win32_x86_64/bin/../lib/gcc/avr/7.3.0/avr5\libgcc.a(_exit.o)
 .text.libgcc.mul
                0x0000000000000000        0x0 f:/embbeded system/avr8-gnu-toolchain-win32_x86_64/bin/../lib/gcc/avr/7.3.0/avr5\libgcc.a(_exit.o)
 .text.libgcc.div
                0x0000000000000000        0x0 f:/embbeded system/avr8-gnu-toolchain-win32_x86_64/bin/../lib/gcc/avr/7.3.0/avr5\libgcc.a(_exit.o)
 .text.libgcc   0x0000000000000000        0x0 f:/embbeded system/avr8-gnu-toolchain-win32_x86_64/bin/../lib/gcc/avr/7.3.0/avr5\libgcc.a(_exit.o)
 .text.libgcc.prologue
                0x0000000000000000        0x0 f:/embbeded system/avr8-gnu-toolchain-win32_x86_64/bin/../lib/gcc/avr/7.3.0/avr5\libgcc.a(_exit.o)
 .text.libgcc.builtins
                0x0000000000000000        0x0 f:/embbeded system/avr8-gnu-toolchain-win32_x86_64/bin/../lib/gcc/avr/7.3.0/avr5\libgcc.a(_exit.o)
 .text.libgcc.fmul
                0x0000000000000000        0x0 f:/embbeded system/avr8-gnu-toolchain-win32_x86_64/bin/../lib/gcc/avr/7.3.0/avr5\libgcc.a(_exit.o)
 .text.libgcc.fixed
                0x0000000000000000        0x0 f:/embbeded system/avr8-gnu-toolchain-win32_x86_64/bin/../lib/gcc/avr/7.3.0/avr5\libgcc.a(_exit.o)
 .text          0x0000000000000000        0x0 f:/embbeded system/avr8-gnu-toolchain-win32_x86_64/bin/../lib/gcc/avr/7.3.0/avr5\libgcc.a(_tablejump2.o)
 .data          0x0000000000000000        0x0 f:/embbeded system/avr8-gnu-toolchain-win32_x86_64/bin/../lib/gcc/avr/7.3.0/avr5\libgcc.a(_tablejump2.o)
 .bss           0x0000000000000000        0x0 f:/embbeded system/avr8-gnu-toolchain-win32_x86_64/bin/../lib/gcc/avr/7.3.0/avr5\libgcc.a(_tablejump2.o)
 .text.libgcc.mul
                0x0000000000000000        0x0 f:/embbeded system/avr8-gnu-toolchain-win32_x86_64/bin/../lib/gcc/avr/7.3.0/avr5\libgcc.a(_tablejump2.o)
 .text.libgcc.div
                0x0000000000000000        0x0 f:/embbeded system/avr8-gnu-toolchain-win32_x86_64/bin/../lib/gcc/avr/7.3.0/avr5\libgcc.a(_tablejump2.o)
 .text.libgcc.prologue
                0x0000000000000000        0x0 f:/embbeded system/avr8-gnu-toolchain-win32_x86_64/bin/../lib/gcc/avr/7.3.0/avr5\libgcc.a(_tablejump2.o)
 .text.libgcc.builtins
                0x0000000000000000        0x0 f:/embbeded system/avr8-gnu-toolchain-win32_x86_64/bin/../lib/gcc/avr/7.3.0/avr5\libgcc.a(_tablejump2.o)
 .text.libgcc.fmul
                0x0000000000000000        0x0 f:/embbeded system/avr8-gnu-toolchain-win32_x86_64/bin/../lib/gcc/avr/7.3.0/avr5\libgcc.a(_tablejump2.o)
 .text.libgcc.fixed
                0x0000000000000000        0x0 f:/embbeded system/avr8-gnu-toolchain-win32_x86_64/bin/../lib/gcc/avr/7.3.0/avr5\libgcc.a(_tablejump2.o)
 .text          0x0000000000000000        0x0 f:/embbeded system/avr8-gnu-toolchain-win32_x86_64/bin/../lib/gcc/avr/7.3.0/avr5\libgcc.a(_clear_bss.o)
 .data          0x0000000000000000        0x0 f:/embbeded system/avr8-gnu-toolchain-win32_x86_64/bin/../lib/gcc/avr/7.3.0/avr5\libgcc.a(_clear_bss.o)
 .bss           0x0000000000000000        0x0 f:/embbeded system/avr8-gnu-toolchain-win32_x86_64/bin/../lib/gcc/avr/7.3.0/avr5\libgcc.a(_clear_bss.o)
 .text.libgcc.mul
                0x0000000000000000        0x0 f:/embbeded system/avr8-gnu-toolchain-win32_x86_64/bin/../lib/gcc/avr/7.3.0/avr5\libgcc.a(_clear_bss.o)
 .text.libgcc.div
                0x0000000000000000        0x0 f:/embbeded system/avr8-gnu-toolchain-win32_x86_64/bin/../lib/gcc/avr/7.3.0/avr5\libgcc.a(_clear_bss.o)
 .text.libgcc   0x0000000000000000        0x0 f:/embbeded system/avr8-gnu-toolchain-win32_x86_64/bin/../lib/gcc/avr/7.3.0/avr5\libgcc.a(_clear_bss.o)
 .text.libgcc.prologue
                0x0000000000000000        0x0 f:/embbeded system/avr8-gnu-toolchain-win32_x86_64/bin/../lib/gcc/avr/7.3.0/avr5\libgcc.a(_clear_bss.o)
 .text.libgcc.builtins
                0x0000000000000000        0x0 f:/embbeded system/avr8-gnu-toolchain-win32_x86_64/bin/../lib/gcc/avr/7.3.0/avr5\libgcc.a(_clear_bss.o)
 .text.libgcc.fmul
                0x0000000000000000        0x0 f:/embbeded system/avr8-gnu-toolchain-win32_x86_64/bin/../lib/gcc/avr/7.3.0/avr5\libgcc.a(_clear_bss.o)
 .text.libgcc.fixed
                0x0000000000000000        0x0 f:/embbeded system/avr8-gnu-toolchain-win32_x86_64/bin/../lib/gcc/avr/7.3.0/avr5\libgcc.a(_clear_bss.o)
 .text          0x0000000000000000        0x0 f:/embbeded system/avr8-gnu-toolchain-win32_x86_64/bin/../lib/gcc/avr/7.3.0/avr5\libgcc.a(_umulhisi3.o)
 .data          0x0000000000000000        0x0 f:/embbeded system/avr8-gnu-toolchain-win32_x86_64/bin/../lib/gcc/avr/7.3.0/avr5\libgcc.a(_umulhisi3.o)
 .bss           0x0000000000000000        0x0 f:/embbeded system/avr8-gnu-toolchain-win32_x86_64/bin/../lib/gcc/avr/7.3.0/avr5\libgcc.a(_umulhisi3.o)
 .text.libgcc.div
                0x0000000000000000        0x0 f:/embbeded system/avr8-gnu-toolchain-win32_x86_64/bin/../lib/gcc/avr/7.3.0/avr5\libgcc.a(_umulhisi3.o)
 .text.libgcc   0x0000000000000000        0x0 f:/embbeded system/avr8-gnu-toolchain-win32_x86_64/bin/../lib/gcc/avr/7.3.0/avr5\libgcc.a(_umulhisi3.o)
 .text.libgcc.prologue
                0x0000000000000000        0x0 f:/embbeded system/avr8-gnu-toolchain-win32_x86_64/bin/../lib/gcc/avr/7.3.0/avr5\libgcc.a(_umulhisi3.o)
 .text.libgcc.builtins
                0x0000000000000000        0x0 f:/embbeded system/avr8-gnu-toolchain-win32_x86_64/bin/../lib/gcc/avr/7.3.0/avr5\libgcc.a(_umulhisi3.o)
 .text.libgcc.fmul
                0x0000000000000000        0x0 f:/embbeded system/avr8-gnu-toolchain-win32_x86_64/bin/../lib/gcc/avr/7.3.0/avr5\libgcc.a(_umulhisi3.o)
 .text.libgcc.fixed
                0x0000000000000000        0x0 f:/embbeded system/avr8-gnu-toolchain-win32_x86_64/bin/../lib/gcc/avr/7.3.0/avr5\libgcc.a(_umulhisi3.o)
 .text          0x0000000000000000        0x0 f:/embbeded system/avr8-gnu-toolchain-win32_x86_64/bin/../lib/gcc/avr/7.3.0/avr5\libgcc.a(_muluhisi3.o)
 .data          0x0000000000000000        0x0 f:/embbeded system/avr8-gnu-toolchain-win32_x86_64/bin/../lib/gcc/avr/7.3.0/avr5\libgcc.a(_muluhisi3.o)
 .bss           0x0000000000000000        0x0 f:/embbeded system/avr8-gnu-toolchain-win32_x86_64/bin/../lib/gcc/avr/7.3.0/avr5\libgcc.a(_muluhisi3.o)
 .text.libgcc.div
                0x0000000000000000        0x0 f:/embbeded system/avr8-gnu-toolchain-win32_x86_64/bin/../lib/gcc/avr/7.3.0/avr5\libgcc.a(_muluhisi3.o)
 .text.libgcc   0x0000000000000000        0x0 f:/embbeded system/avr8-gnu-toolchain-win32_x86_64/bin/../lib/gcc/avr/7.3.0/avr5\libgcc.a(_muluhisi3.o)
 .text.libgcc.prologue
                0x0000000000000000        0x0 f:/embbeded system/avr8-gnu-toolchain-win32_x86_64/bin/../lib/gcc/avr/7.3.0/avr5\libgcc.a(_muluhisi3.o)
 .text.libgcc.builtins
                0x0000000000000000        0x0 f:/embbeded system/avr8-gnu-toolchain-win32_x86_64/bin/../lib/gcc/avr/7.3.0/avr5\libgcc.a(_muluhisi3.o)
 .text.libgcc.fmul
                0x0000000000000000        0x0 f:/embbeded system/avr8-gnu-toolchain-win32_x86_64/bin/../lib/gcc/avr/7.3.0/avr5\libgcc.a(_muluhisi3.o)
 .text.libgcc.fixed
                0x0000000000000000        0x0 f:/embbeded system/avr8-gnu-toolchain-win32_x86_64/bin/../lib/gcc/avr/7.3.0/avr5\libgcc.a(_muluhisi3.o)
 .text          0x0000000000000000        0x0 f:/embbeded system/avr8-gnu-toolchain-win32_x86_64/bin/../lib/gcc/avr/7.3.0/avr5\libgcc.a(_mulshisi3.o)
 .data          0x0000000000000000        0x0 f:/embbeded system/avr8-gnu-toolchain-win32_x86_64/bin/../lib/gcc/avr/7.3.0/avr5\libgcc.a(_mulshisi3.o)
 .bss           0x0000000000000000        0x0 f:/embbeded system/avr8-gnu-toolchain-win32_x86_64/bin/../lib/gcc/avr/7.3.0/avr5\libgcc.a(_mulshisi3.o)
 .text.libgcc.div
                0x0000000000000000        0x0 f:/embbeded system/avr8-gnu-toolchain-win32_x86_64/bin/../lib/gcc/avr/7.3.0/avr5\libgcc.a(_mulshisi3.o)
 .text.libgcc   0x0000000000000000        0x0 f:/embbeded system/avr8-gnu-toolchain-win32_x86_64/bin/../lib/gcc/avr/7.3.0/avr5\libgcc.a(_mulshisi3.o)
 .text.libgcc.prologue
                0x0000000000000000        0x0 f:/embbeded system/avr8-gnu-toolchain-win32_x86_64/bin/../lib/gcc/avr/7.3.0/avr5\libgcc.a(_mulshisi3.o)
 .text.libgcc.builtins
                0x0000000000000000        0x0 f:/embbeded system/avr8-gnu-toolchain-win32_x86_64/bin/../lib/gcc/avr/7.3.0/avr5\libgcc.a(_mulshisi3.o)
 .text.libgcc.fmul
                0x0000000000000000        0x0 f:/embbeded system/avr8-gnu-toolchain-win32_x86_64/bin/../lib/gcc/avr/7.3.0/avr5\libgcc.a(_mulshisi3.o)
 .text.libgcc.fixed
                0x0000000000000000        0x0 f:/embbeded system/avr8-gnu-toolchain-win32_x86_64/bin/../lib/gcc/avr/7.3.0/avr5\libgcc.a(_mulshisi3.o)
 .text          0x0000000000000000        0x0 f:/embbeded system/avr8-gnu-toolchain-win32_x86_64/bin/../lib/gcc/avr/7.3.0/avr5\libgcc.a(_udivmodhi4.o)
 .data          0x0000000000000000        0x0 f:/embbeded system/avr8-gnu-toolchain-win32_x86_64/bin/../lib/gcc/avr/7.3.0/avr5\libgcc.a(_udivmodhi4.o)
 .bss           0x0000000000000000        0x0 f:/embbeded system/avr8-gnu-toolchain-win32_x86_64/bin/../lib/gcc/avr/7.3.0/avr5\libgcc.a(_udivmodhi4.o)
 .text.libgcc.mul
                0x0000000000000000        0x0 f:/embbeded system/avr8-gnu-toolchain-win32_x86_64/bin/../lib/gcc/avr/7.3.0/avr5\libgcc.a(_udivmodhi4.o)
 .text.libgcc.div
                0x0000000000000000       0x28 f:/embbeded system/avr8-gnu-toolchain-win32_x86_64/bin/../lib/gcc/avr/7.3.0/avr5\libgcc.a(_udivmodhi4.o)
 .text.libgcc   0x0000000000000000        0x0 f:/embbeded system/avr8-gnu-toolchain-win32_x86_64/bin/../lib/gcc/avr/7.3.0/avr5\libgcc.a(_udivmodhi4.o)
 .text.libgcc.prologue
                0x0000000000000000        0x0 f:/embbeded system/avr8-gnu-toolchain-win32_x86_64/bin/../lib/gcc/avr/7.3.0/avr5\libgcc.a(_udivmodhi4.o)
 .text.libgcc.builtins
                0x0000000000000000        0x0 f:/embbeded system/avr8-gnu-toolchain-win32_x86_64/bin/../lib/gcc/avr/7.3.0/avr5\libgcc.a(_udivmodhi4.o)
 .text.libgcc.fmul
                0x0000000000000000        0x0 f:/embbeded system/avr8-gnu-toolchain-win32_x86_64/bin/../lib/gcc/avr/7.3.0/avr5\libgcc.a(_udivmodhi4.o)
 .text.libgcc.fixed
                0x0000000000000000        0x0 f:/embbeded system/avr8-gnu-toolchain-win32_x86_64/bin/../lib/gcc/avr/7.3.0/avr5\libgcc.a(_udivmodhi4.o)
 .text          0x0000000000000000        0x0 f:/embbeded system/avr8-gnu-toolchain-win32_x86_64/bin/../lib/gcc/avr/7.3.0/../../../../avr/lib/avr5\libc.a(random.o)
 .bss           0x0000000000000000        0x0 f:/embbeded system/avr8-gnu-toolchain-win32_x86_64/bin/../lib/gcc/avr/7.3.0/../../../../avr/lib/avr5\libc.a(random.o)
 .text          0x0000000000000000        0x0 f:/embbeded system/avr8-gnu-toolchain-win32_x86_64/bin/../lib/gcc/avr/7.3.0/../../../../avr/lib/avr5\libc.a(memcpy_P.o)
 .data          0x0000000000000000        0x0 f:/embbeded system/avr8-gnu-toolchain-win32_x86_64/bin/../lib/gcc/avr/7.3.0/../../../../avr/lib/avr5\libc.a(memcpy_P.o)
 .bss           0x0000000000000000        0x0 f:/embbeded system/avr8-gnu-toolchain-win32_x86_64/bin/../lib/gcc/avr/7.3.0/../../../../avr/lib/avr5\libc.a(memcpy_P.o)
 .text.avr-libc
                0x0000000000000000       0x12 f:/embbeded system/avr8-gnu-toolchain-win32_x86_64/bin/../lib/gcc/avr/7.3.0/../../../../avr/lib/avr5\libc.a(memcpy_P.o)
 .text          0x0000000000000000        0x0 f:/embbeded system/avr8-gnu-toolchain-win32_x86_64/bin/../lib/gcc/avr/7.3.0/../../../../avr/lib/avr5\libc.a(strlen_P.o)
 .data          0x0000000000000000        0x0 f:/embbeded system/avr8-gnu-toolchain-win32_x86_64/bin/../lib/gcc/avr/7.3.0/../../../../avr/lib/avr5\libc.a(strlen_P.o)
 .bss           0x0000000000000000        0x0 f:/embbeded system/avr8-gnu-toolchain-win32_x86_64/bin/../lib/gcc/avr/7.3.0/../../../../avr/lib/avr5\libc.a(strlen_P.o)
 .text.avr-libc
                0x0000000000000000       0x12 f:/embbeded system/avr8-gnu-toolchain-win32_x86_64/bin/../lib/gcc/avr/7.3.0/../../../../avr/lib/avr5\libc.a(strlen_P.o)
 .text          0x0000000000000000        0x0 f:/embbeded system/avr8-gnu-toolchain-win32_x86_64/bin/../lib/gcc/avr/7.3.0/avr5\libgcc.a(_divmodsi4.o)
 .data          0x0000000000000000        0x0 f:/embbeded system/avr8-gnu-toolchain-win32_x86_64/bin/../lib/gcc/avr/7.3.0/avr5\libgcc.a(_divmodsi4.o)
 .bss           0x0000000000000000        0x0 f:/embbeded system/avr8-gnu-toolchain-win32_x86_64/bin/../lib/gcc/avr/7.3.0/avr5\libgcc.a(_divmodsi4.o)
 .text.libgcc.mul
                0x0000000000000000        0x0 f:/embbeded system/avr8-gnu-toolchain-win32_x86_64/bin/../lib/gcc/avr/7.3.0/avr5\libgcc.a(_divmodsi4.o)
 .text.libgcc   0x0000000000000000        0x0 f:/embbeded system/avr8-gnu-toolchain-win32_x86_64/bin/../lib/gcc/avr/7.3.0/avr5\libgcc.a(_divmodsi4.o)
 .text.libgcc.prologue
                0x0000000000000000        0x0 f:/embbeded system/avr8-gnu-toolchain-win32_x86_64/bin/../lib/gcc/avr/7.3.0/avr5\libgcc.a(_divmodsi4.o)
 .text.libgcc.builtins
                0x0000000000000000        0x0 f:/embbeded system/avr8-gnu-toolchain-win32_x86_64/bin/../lib/gcc/avr/7.3.0/avr5\libgcc.a(_divmodsi4.o)
 .text.libgcc.fmul
                0x0000000000000000        0x0 f:/embbeded system/avr8-gnu-toolchain-win32_x86_64/bin/../lib/gcc/avr/7.3.0/avr5\libgcc.a(_divmodsi4.o)
 .text.libgcc.fixed
                0x0000000000000000        0x0 f:/embbeded system/avr8-gnu-toolchain-win32_x86_64/bin/../lib/gcc/avr/7.3.0/avr5\libgcc.a(_divmodsi4.o)
 .text          0x0000000000000000        0x0 f:/embbeded system/avr8-gnu-toolchain-win32_x86_64/bin/../lib/gcc/avr/7.3.0/avr5\libgcc.a(_negsi2.o)
 .data          0x0000000000000000        0x0 f:/embbeded system/avr8-gnu-toolchain-win32_x86_64/bin/../lib/gcc/avr/7.3.0/avr5\libgcc.a(_negsi2.o)
 .bss           0x0000000000000000        0x0 f:/embbeded system/avr8-gnu-toolchain-win32_x86_64/bin/../lib/gcc/avr/7.3.0/avr5\libgcc.a(_negsi2.o)
 .text.libgcc.mul
                0x0000000000000000        0x0 f:/embbeded system/avr8-gnu-toolchain-win32_x86_64/bin/../lib/gcc/avr/7.3.0/avr5\libgcc.a(_negsi2.o)
 .text.libgcc   0x0000000000000000        0x0 f:/embbeded system/avr8-gnu-toolchain-win32_x86_64/bin/../lib/gcc/avr/7.3.0/avr5\libgcc.a(_negsi2.o)
 .text.libgcc.prologue
                0x0000000000000000        0x0 f:/embbeded system/avr8-gnu-toolchain-win32_x86_64/bin/../lib/gcc/avr/7.3.0/avr5\libgcc.a(_negsi2.o)
 .text.libgcc.builtins
                0x0000000000000000        0x0 f:/embbeded system/avr8-gnu-toolchain-win32_x86_64/bin/../lib/gcc/avr/7.3.0/avr5\libgcc.a(_negsi2.o)
 .text.libgcc.fmul
                0x0000000000000000        0x0 f:/embbeded system/avr8-gnu-toolchain-win32_x86_64/bin/../lib/gcc/avr/7.3.0/avr5\libgcc.a(_negsi2.o)
 .text.libgcc.fixed
                0x0000000000000000        0x0 f:/embbeded system/avr8-gnu-toolchain-win32_x86_64/bin/../lib/gcc/avr/7.3.0/avr5\libgcc.a(_negsi2.o)
 .text          0x0000000000000000        0x0 f:/embbeded system/avr8-gnu-toolchain-win32_x86_64/bin/../lib/gcc/avr/7.3.0/avr5\libgcc.a(_copy_data.o)
 .data          0x0000000000000000        0x0 f:/embbeded system/avr8-gnu-toolchain-win32_x86_64/bin/../lib/gcc/avr/7.3.0/avr5\libgcc.a(_copy_data.o)
 .bss           0x0000000000000000        0x0 f:/embbeded system/avr8-gnu-toolchain-win32_x86_64/bin/../lib/gcc/avr/7.3.0/avr5\libgcc.a(_copy_data.o)
 .text.libgcc.mul
                0x0000000000000000        0x0 f:/embbeded system/avr8-gnu-toolchain-win32_x86_64/bin/../lib/gcc/avr/7.3.0/avr5\libgcc.a(_copy_data.o)
 .text.libgcc.div
                0x0000000000000000        0x0 f:/embbeded system/avr8-gnu-toolchain-win32_x86_64/bin/../lib/gcc/avr/7.3.0/avr5\libgcc.a(_copy_data.o)
 .text.libgcc   0x0000000000000000        0x0 f:/embbeded system/avr8-gnu-toolchain-win32_x86_64/bin/../lib/gcc/avr/7.3.0/avr5\libgcc.a(_copy_data.o)
 .text.libgcc.prologue
                0x0000000000000000        0x0 f:/embbeded system/avr8-gnu-toolchain-win32_x86_64/bin/../lib/gcc/avr/7.3.0/avr5\libgcc.a(_copy_data.o)
 .text.libgcc.builtins
                0x0000000000000000        0x0 f:/embbeded system/avr8-gnu-toolchain-win32_x86_64/bin/../lib/gcc/avr/7.3.0/avr5\libgcc.a(_copy_data.o)
 .text.libgcc.fmul
                0x0000000000000000        0x0 f:/embbeded system/avr8-gnu-toolchain-win32_x86_64/bin/../lib/gcc/avr/7.3.0/avr5\libgcc.a(_copy_data.o)
 .text.libgcc.fixed
                0x0000000000000000        0x0 f:/embbeded system/avr8-gnu-toolchain-win32_x86_64/bin/../lib/gcc/avr/7.3.0/avr5\libgcc.a(_copy_data.o)

Memory Configuration

Name             Origin             Length             Attributes
text             0x0000000000000000 0x0000000000004000 xr
data             0x0000000000800060 0x0000000000000400 rw !x
eeprom           0x0000000000810000 0x0000000000000200 rw !x
fuse             0x0000000000820000 0x0000000000000002 rw !x
lock             0x0000000000830000 0x0000000000000400 rw !x
signature        0x0000000000840000 0x0000000000000400 rw !x
user_signatures  0x0000000000850000 0x0000000000000400 rw !x
*default*        0x0000000000000000 0xffffffffffffffff

Linker script and memory map

LOAD C:/Program Files/Microchip/MPLABX/v6.05/packs/Microchip/ATmega_DFP/3.0.158/gcc/dev/atmega16a/avr5/crtatmega16a.o
LOAD build/ATmega16A/production/src/app.o
LOAD build/ATmega16A/production/src/Requests.o
LOAD build/ATmega16A/production/src/Events.o
LOAD build/ATmega16A/production/src/userSystem.o
LOAD build/ATmega16A/production/src/configuration.o
LOAD build/ATmega16A/production/src/PowerOn.o
LOAD build/ATmega16A/production/src/network.o
LOAD lib\mega2.X.a
                0x0000000000000001                __MPLAB_BUILD = 0x1
START GROUP
LOAD f:/embbeded system/avr8-gnu-toolchain-win32_x86_64/bin/../lib/gcc/avr/7.3.0/../../../../avr/lib/avr5\libm.a
END GROUP
START GROUP
LOAD f:/embbeded system/avr8-gnu-toolchain-win32_x86_64/bin/../lib/gcc/avr/7.3.0/avr5\libgcc.a
LOAD f:/embbeded system/avr8-gnu-toolchain-win32_x86_64/bin/../lib/gcc/avr/7.3.0/../../../../avr/lib/avr5\libm.a
LOAD f:/embbeded system/avr8-gnu-toolchain-win32_x86_64/bin/../lib/gcc/avr/7.3.0/../../../../avr/lib/avr5\libc.a
LOAD C:/Program Files/Microchip/MPLABX/v6.05/packs/Microchip/ATmega_DFP/3.0.158/gcc/dev/atmega16a/avr5\libatmega16a.a
END GROUP
                0x0000000000000000                __TEXT_REGION_ORIGIN__ = DEFINED (__TEXT_REGION_ORIGIN__)?__TEXT_REGION_ORIGIN__:0x0
                [0x0000000000800060]                __DATA_REGION_ORIGIN__ = DEFINED (__DATA_REGION_ORIGIN__)?__DATA_REGION_ORIGIN__:0x800060
                [0x0000000000004000]                __TEXT_REGION_LENGTH__ = DEFINED (__TEXT_REGION_LENGTH__)?__TEXT_REGION_LENGTH__:0x20000
                [0x0000000000000400]                __DATA_REGION_LENGTH__ = DEFINED (__DATA_REGION_LENGTH__)?__DATA_REGION_LENGTH__:0xffa0
                [0x0000000000000200]                __EEPROM_REGION_LENGTH__ = DEFINED (__EEPROM_REGION_LENGTH__)?__EEPROM_REGION_LENGTH__:0x10000
                [0x0000000000000002]                __FUSE_REGION_LENGTH__ = DEFINED (__FUSE_REGION_LENGTH__)?__FUSE_REGION_LENGTH__:0x400
                0x0000000000000400                __LOCK_REGION_LENGTH__ = DEFINED (__LOCK_REGION_LENGTH__)?__LOCK_REGION_LENGTH__:0x400
                0x0000000000000400                __SIGNATURE_REGION_LENGTH__ = DEFINED (__SIGNATURE_REGION_LENGTH__)?__SIGNATURE_REGION_LENGTH__:0x400
                0x0000000000000400                __USER_SIGNATURE_REGION_LENGTH__ = DEFINED (__USER_SIGNATURE_REGION_LENGTH__)?__USER_SIGNATURE_REGION_LENGTH__:0x400

.hash
 *(.hash)

.dynsym
 *(.dynsym)

.dynstr
 *(.dynstr)

.gnu.version
 *(.gnu.version)

.gnu.version_d
 *(.gnu.version_d)

.gnu.version_r
 *(.gnu.version_r)

.rel.init
 *(.rel.init)

.rela.init
 *(.rela.init)

.rel.text
 *(.rel.text)
 *(.rel.text.*)
 *(.rel.gnu.linkonce.t*)

.rela.text
 *(.rela.text)
 *(.rela.text.*)
 *(.rela.gnu.linkonce.t*)

.rel.fini
 *(.rel.fini)

.rela.fini
 *(.rela.fini)

.rel.rodata
 *(.rel.rodata)
 *(.rel.rodata.*)
 *(.rel.gnu.linkonce.r*)

.rela.rodata
 *(.rela.rodata)
 *(.rela.rodata.*)
 *(.rela.gnu.linkonce.r*)

.rel.data
 *(.rel.data)
 *(.rel.data.*)
 *(.rel.gnu.linkonce.d*)

.rela.data
 *(.rela.data)
 *(.rela.data.*)
 *(.rela.gnu.linkonce.d*)

.rel.ctors
 *(.rel.ctors)

.rela.ctors
 *(.rela.ctors)

.rel.dtors
 *(.rel.dtors)

.rela.dtors
 *(.rela.dtors)

.rel.got
 *(.rel.got)

.rela.got
 *(.rela.got)

.rel.bss
 *(.rel.bss)

.rela.bss
 *(.rela.bss)

.rel.plt
 *(.rel.plt)

.rela.plt
 *(.rela.plt)

.text           0x0000000000000000     0x25ac
 *(.vectors)
 .vectors       0x0000000000000000       0x54 C:/Program Files/Microchip/MPLABX/v6.05/packs/Microchip/ATmega_DFP/3.0.158/gcc/dev/atmega16a/avr5/crtatmega16a.o
                0x0000000000000000                __vector_default
                0x0000000000000000                __vectors
 *(.vectors)
 *(.progmem.gcc*)
                0x0000000000000054                . = ALIGN (0x2)
                0x0000000000000054                __trampolines_start = .
 *(.trampolines)
 .trampolines   0x0000000000000054        0x0 linker stubs
 *(.trampolines*)
                0x0000000000000054                __trampolines_end = .
 *libprintf_flt.a:*(.progmem.data)
 *libc.a:*(.progmem.data)
 *(.progmem*)
 .progmem.data.key3
                0x0000000000000054        0x4 build/ATmega16A/production/src/Events.o
                0x0000000000000054                key3
 .progmem.data.key2
                0x0000000000000058        0x4 build/ATmega16A/production/src/Events.o
                0x0000000000000058                key2
 .progmem.data.key1
                0x000000000000005c        0x4 build/ATmega16A/production/src/Events.o
                0x000000000000005c                key1
 .progmem.data.NO_BUTTONCODE
                0x0000000000000060        0x4 lib\mega2.X.a(button.o)
                0x0000000000000060                NO_BUTTONCODE
                0x0000000000000064                . = ALIGN (0x2)
 *(.jumptables)
 *(.jumptables*)
 *(.lowtext)
 *(.lowtext*)
                0x0000000000000064                __ctors_start = .
 *(.ctors)
                0x0000000000000064                __ctors_end = .
                0x0000000000000064                __dtors_start = .
 *(.dtors)
                0x0000000000000064                __dtors_end = .
 SORT(*)(.ctors)
 SORT(*)(.dtors)
 *(.init0)
 .init0         0x0000000000000064        0x0 C:/Program Files/Microchip/MPLABX/v6.05/packs/Microchip/ATmega_DFP/3.0.158/gcc/dev/atmega16a/avr5/crtatmega16a.o
                0x0000000000000064                __init
 *(.init0)
 *(.init1)
 *(.init1)
 *(.init2)
 .init2         0x0000000000000064        0xc C:/Program Files/Microchip/MPLABX/v6.05/packs/Microchip/ATmega_DFP/3.0.158/gcc/dev/atmega16a/avr5/crtatmega16a.o
 *(.init2)
 *(.init3)
 *(.init3)
 *(.init4)
 .init4         0x0000000000000070       0x10 f:/embbeded system/avr8-gnu-toolchain-win32_x86_64/bin/../lib/gcc/avr/7.3.0/avr5\libgcc.a(_clear_bss.o)
                0x0000000000000070                __do_clear_bss
 .init4         0x0000000000000080       0x16 f:/embbeded system/avr8-gnu-toolchain-win32_x86_64/bin/../lib/gcc/avr/7.3.0/avr5\libgcc.a(_copy_data.o)
                0x0000000000000080                __do_copy_data
 *(.init4)
 *(.init5)
 *(.init5)
 *(.init6)
 *(.init6)
 *(.init7)
 *(.init7)
 *(.init8)
 *(.init8)
 *(.init9)
 .init9         0x0000000000000096        0x8 C:/Program Files/Microchip/MPLABX/v6.05/packs/Microchip/ATmega_DFP/3.0.158/gcc/dev/atmega16a/avr5/crtatmega16a.o
 *(.init9)
 *(.text)
 .text          0x000000000000009e        0x4 C:/Program Files/Microchip/MPLABX/v6.05/packs/Microchip/ATmega_DFP/3.0.158/gcc/dev/atmega16a/avr5/crtatmega16a.o
                0x000000000000009e                __vector_12
                0x000000000000009e                __bad_interrupt
                0x000000000000009e                __vector_3
                0x000000000000009e                __vector_17
                0x000000000000009e                __vector_7
                0x000000000000009e                __vector_5
                0x000000000000009e                __vector_4
                0x000000000000009e                __vector_9
                0x000000000000009e                __vector_2
                0x000000000000009e                __vector_15
                0x000000000000009e                __vector_8
                0x000000000000009e                __vector_14
                0x000000000000009e                __vector_10
                0x000000000000009e                __vector_16
                0x000000000000009e                __vector_18
                0x000000000000009e                __vector_20
                0x00000000000000a2                . = ALIGN (0x2)
 *(.text.*)
 .text.appBoot  0x00000000000000a2        0x2 build/ATmega16A/production/src/app.o
                0x00000000000000a2                appBoot
 .text.appInit  0x00000000000000a4       0x14 build/ATmega16A/production/src/app.o
                0x00000000000000a4                appInit
 .text.appSync  0x00000000000000b8        0x2 build/ATmega16A/production/src/app.o
                0x00000000000000b8                appSync
 .text.appMain  0x00000000000000ba       0x14 build/ATmega16A/production/src/app.o
                0x00000000000000ba                appMain
 .text.updateRoomRequest
                0x00000000000000ce       0x52 build/ATmega16A/production/src/Requests.o
                0x00000000000000ce                updateRoomRequest
 .text.PowerOnRequest
                0x0000000000000120       0x38 build/ATmega16A/production/src/Requests.o
                0x0000000000000120                PowerOnRequest
 .text.SaveOnRequest
                0x0000000000000158       0x82 build/ATmega16A/production/src/Requests.o
                0x0000000000000158                SaveOnRequest
 .text.ReadSystemConfig
                0x00000000000001da        0xa build/ATmega16A/production/src/Requests.o
                0x00000000000001da                ReadSystemConfig
 .text.GetIpRequest
                0x00000000000001e4       0x38 build/ATmega16A/production/src/Requests.o
                0x00000000000001e4                GetIpRequest
 .text.ResForConfig
                0x000000000000021c       0x38 build/ATmega16A/production/src/Requests.o
                0x000000000000021c                ResForConfig
 .text.onEvent  0x0000000000000254       0x92 build/ATmega16A/production/src/Events.o
 .text.onSwitch2
                0x00000000000002e6        0x6 build/ATmega16A/production/src/Events.o
 .text.onSwitch1
                0x00000000000002ec        0x6 build/ATmega16A/production/src/Events.o
 .text.onSwitch0
                0x00000000000002f2        0x6 build/ATmega16A/production/src/Events.o
 .text.EventsInit
                0x00000000000002f8       0x2a build/ATmega16A/production/src/Events.o
                0x00000000000002f8                EventsInit
 .text.SwitchEventCallBack
                0x0000000000000322       0x18 build/ATmega16A/production/src/Events.o
                0x0000000000000322                SwitchEventCallBack
 .text.onDefault
                0x000000000000033a       0x1c build/ATmega16A/production/src/userSystem.o
 .text.RegisterOnUserSystem
                0x0000000000000356       0x2e build/ATmega16A/production/src/userSystem.o
                0x0000000000000356                RegisterOnUserSystem
 .text.UserInit
                0x0000000000000384        0xa build/ATmega16A/production/src/userSystem.o
                0x0000000000000384                UserInit
 .text.UserCallBack
                0x000000000000038e      0x168 build/ATmega16A/production/src/userSystem.o
                0x000000000000038e                UserCallBack
 .text.OnSaveSerial
                0x00000000000004f6       0x32 build/ATmega16A/production/src/configuration.o
 .text.getBuzzerState
                0x0000000000000528        0xa build/ATmega16A/production/src/configuration.o
                0x0000000000000528                getBuzzerState
 .text.getAcceptState
                0x0000000000000532        0x8 build/ATmega16A/production/src/configuration.o
                0x0000000000000532                getAcceptState
 .text.getSwitchType
                0x000000000000053a        0xc build/ATmega16A/production/src/configuration.o
                0x000000000000053a                getSwitchType
 .text.getBuzzerTimeFactor
                0x0000000000000546        0xa build/ATmega16A/production/src/configuration.o
                0x0000000000000546                getBuzzerTimeFactor
 .text.ConfigurationInit
                0x0000000000000550       0x12 build/ATmega16A/production/src/configuration.o
                0x0000000000000550                ConfigurationInit
 .text.OnSaveIp
                0x0000000000000562       0x14 build/ATmega16A/production/src/configuration.o
                0x0000000000000562                OnSaveIp
 .text.OnSaveConfiguration
                0x0000000000000576        0xc build/ATmega16A/production/src/configuration.o
                0x0000000000000576                OnSaveConfiguration
 .text.SystemIsSerial
                0x0000000000000582       0x1e build/ATmega16A/production/src/configuration.o
                0x0000000000000582                SystemIsSerial
 .text.SystemIsIp
                0x00000000000005a0        0xe build/ATmega16A/production/src/configuration.o
                0x00000000000005a0                SystemIsIp
 .text.SystemIp
                0x00000000000005ae        0x6 build/ATmega16A/production/src/configuration.o
                0x00000000000005ae                SystemIp
 .text.getRoomIp
                0x00000000000005b4        0x6 build/ATmega16A/production/src/configuration.o
                0x00000000000005b4                getRoomIp
 .text.EEpromCallback
                0x00000000000005ba      0x102 build/ATmega16A/production/src/configuration.o
                0x00000000000005ba                EEpromCallback
 .text.PowerOnInit
                0x00000000000006bc        0x6 build/ATmega16A/production/src/PowerOn.o
                0x00000000000006bc                PowerOnInit
 .text.PowerOnCallBack
                0x00000000000006c2       0x5a build/ATmega16A/production/src/PowerOn.o
                0x00000000000006c2                PowerOnCallBack
 .text.stopPowerOnRequest
                0x000000000000071c        0x8 build/ATmega16A/production/src/PowerOn.o
                0x000000000000071c                stopPowerOnRequest
 .text.NetworkHostSystem
                0x0000000000000724       0xd8 build/ATmega16A/production/src/network.o
 .text.NetworkClientSystem
                0x00000000000007fc       0x7c build/ATmega16A/production/src/network.o
 .text.NetworkInit
                0x0000000000000878       0x20 build/ATmega16A/production/src/network.o
                0x0000000000000878                NetworkInit
 .text.NetworkCallBack
                0x0000000000000898       0x5e build/ATmega16A/production/src/network.o
                0x0000000000000898                NetworkCallBack
 .text.SystemIsData
                0x00000000000008f6        0xe build/ATmega16A/production/src/network.o
                0x00000000000008f6                SystemIsData
 .text.getSwId  0x0000000000000904        0xa build/ATmega16A/production/src/network.o
                0x0000000000000904                getSwId
 .text.getRoomId
                0x000000000000090e        0xa build/ATmega16A/production/src/network.o
                0x000000000000090e                getRoomId
 .text.pinScan  0x0000000000000918       0x12 lib\mega2.X.a(button.o)
 .text.buttonScan
                0x000000000000092a       0x68 lib\mega2.X.a(button.o)
                0x000000000000092a                buttonScan
 .text.buttonInit
                0x0000000000000992       0x64 lib\mega2.X.a(button.o)
                0x0000000000000992                buttonInit
 .text.buttonAssignCosntEvents
                0x00000000000009f6       0x16 lib\mega2.X.a(button.o)
                0x00000000000009f6                buttonAssignCosntEvents
 .text.buttonRegisterEvent
                0x0000000000000a0c       0x12 lib\mega2.X.a(button.o)
                0x0000000000000a0c                buttonRegisterEvent
 .text.buttonDriver
                0x0000000000000a1e      0x150 lib\mega2.X.a(button.o)
                0x0000000000000a1e                buttonDriver
 .text.csma_RestTimer
                0x0000000000000b6e        0xe lib\mega2.X.a(csma.o)
 .text.ResetCurrentFrameSend
                0x0000000000000b7c       0x36 lib\mega2.X.a(csma.o)
 .text.defalutStateFun
                0x0000000000000bb2        0x2 lib\mega2.X.a(csma.o)
 .text.OnMangemntServerConFiarm
                0x0000000000000bb4       0x2e lib\mega2.X.a(csma.o)
 .text.OnMangemntServerFrameRemoveAddress
                0x0000000000000be2       0x2c lib\mega2.X.a(csma.o)
 .text.OnMangemntClientFrameRemoveAddess
                0x0000000000000c0e       0x2c lib\mega2.X.a(csma.o)
 .text.StartTimerWithTime.part.0
                0x0000000000000c3a       0x46 lib\mega2.X.a(csma.o)
 .text.OnSendFrame
                0x0000000000000c80       0x26 lib\mega2.X.a(csma.o)
 .text.OnMangemntServerFrameAssignAddress
                0x0000000000000ca6       0x7a lib\mega2.X.a(csma.o)
 .text.OnMangemntClientFrameGetAddress
                0x0000000000000d20       0x4e lib\mega2.X.a(csma.o)
 .text.commBackOffTime
                0x0000000000000d6e       0xcc lib\mega2.X.a(csma.o)
 .text.sendAck.constprop.10
                0x0000000000000e3a       0x4c lib\mega2.X.a(csma.o)
 .text.ParseWithMangmentFrame
                0x0000000000000e86      0x17c lib\mega2.X.a(csma.o)
 .text.csmaReTransmitCurrentFrame
                0x0000000000001002       0x36 lib\mega2.X.a(csma.o)
 .text.ParseWithDataFrame
                0x0000000000001038      0x106 lib\mega2.X.a(csma.o)
 .text.__vector_13
                0x000000000000113e       0x14 lib\mega2.X.a(csma.o)
                0x000000000000113e                __vector_13
 .text.__vector_1
                0x0000000000001152       0x4e lib\mega2.X.a(csma.o)
                0x0000000000001152                __vector_1
 .text.__vector_11
                0x00000000000011a0      0x132 lib\mega2.X.a(csma.o)
                0x00000000000011a0                __vector_11
 .text.csmaloadConfig
                0x00000000000012d2       0x30 lib\mega2.X.a(csma.o)
                0x00000000000012d2                csmaloadConfig
 .text.sendFreeFrame
                0x0000000000001302       0x28 lib\mega2.X.a(csma.o)
                0x0000000000001302                sendFreeFrame
 .text.__vector_6
                0x000000000000132a      0x29e lib\mega2.X.a(csma.o)
                0x000000000000132a                __vector_6
 .text.csmaInit
                0x00000000000015c8       0xc6 lib\mega2.X.a(csma.o)
                0x00000000000015c8                csmaInit
 .text.CsmaRequestNewFrame
                0x000000000000168e       0xcc lib\mega2.X.a(csma.o)
                0x000000000000168e                CsmaRequestNewFrame
 .text.csmaDriver
                0x000000000000175a      0x274 lib\mega2.X.a(csma.o)
                0x000000000000175a                csmaDriver
 .text.csmaGetMaxAddress
                0x00000000000019ce        0x6 lib\mega2.X.a(csma.o)
                0x00000000000019ce                csmaGetMaxAddress
 .text.csmaGetStationAddress
                0x00000000000019d4        0x6 lib\mega2.X.a(csma.o)
                0x00000000000019d4                csmaGetStationAddress
 .text.OnHostFrameCh0
                0x00000000000019da        0xa lib\mega2.X.a(csma.o)
                0x00000000000019da                OnHostFrameCh0
 .text.OnClientFrameCh0
                0x00000000000019e4        0xa lib\mega2.X.a(csma.o)
                0x00000000000019e4                OnClientFrameCh0
 .text.putDataCh0
                0x00000000000019ee       0xe8 lib\mega2.X.a(csma.o)
                0x00000000000019ee                putDataCh0
 .text.csmaSaveSerialRegister
                0x0000000000001ad6        0xa lib\mega2.X.a(csma.o)
                0x0000000000001ad6                csmaSaveSerialRegister
 .text.csmaInitStationIp
                0x0000000000001ae0        0x6 lib\mega2.X.a(csma.o)
                0x0000000000001ae0                csmaInitStationIp
 .text.eepromInit
                0x0000000000001ae6       0x28 lib\mega2.X.a(eeprom.o)
                0x0000000000001ae6                eepromInit
 .text.eepromDriver
                0x0000000000001b0e      0x150 lib\mega2.X.a(eeprom.o)
                0x0000000000001b0e                eepromDriver
 .text.eepromWriteBuf
                0x0000000000001c5e       0x40 lib\mega2.X.a(eeprom.o)
                0x0000000000001c5e                eepromWriteBuf
 .text.eepromRequestSterm
                0x0000000000001c9e       0x44 lib\mega2.X.a(eeprom.o)
                0x0000000000001c9e                eepromRequestSterm
 .text.eepromIsBusy
                0x0000000000001ce2        0xe lib\mega2.X.a(eeprom.o)
                0x0000000000001ce2                eepromIsBusy
 .text.eepromRead
                0x0000000000001cf0       0x16 lib\mega2.X.a(eeprom.o)
                0x0000000000001cf0                eepromRead
 .text.__vector_19
                0x0000000000001d06      0x142 lib\mega2.X.a(system.o)
                0x0000000000001d06                __vector_19
 .text.startHwTimer0
                0x0000000000001e48        0xa lib\mega2.X.a(system.o)
                0x0000000000001e48                startHwTimer0
 .text.systemInit
                0x0000000000001e52       0x48 lib\mega2.X.a(system.o)
                0x0000000000001e52                systemInit
 .text.systemMillis
                0x0000000000001e9a       0x18 lib\mega2.X.a(system.o)
                0x0000000000001e9a                systemMillis
 .text.sysSetPeriodMS
                0x0000000000001eb2       0x34 lib\mega2.X.a(system.o)
                0x0000000000001eb2                sysSetPeriodMS
 .text.sysIsTimeoutMs
                0x0000000000001ee6       0x4c lib\mega2.X.a(system.o)
                0x0000000000001ee6                sysIsTimeoutMs
 .text.setupHwTimer0
                0x0000000000001f32       0x24 lib\mega2.X.a(system.o)
                0x0000000000001f32                setupHwTimer0
 .text.isTonePlaying
                0x0000000000001f56       0x10 lib\mega2.X.a(tone.o)
                0x0000000000001f56                isTonePlaying
 .text.Toneplay
                0x0000000000001f66       0x2c lib\mega2.X.a(tone.o)
                0x0000000000001f66                Toneplay
 .text.Tonestop
                0x0000000000001f92       0x6c lib\mega2.X.a(tone.o)
                0x0000000000001f92                Tonestop
 .text.ToneInit
                0x0000000000001ffe       0x22 lib\mega2.X.a(tone.o)
                0x0000000000001ffe                ToneInit
 .text.ToneDriver
                0x0000000000002020       0xda lib\mega2.X.a(tone.o)
                0x0000000000002020                ToneDriver
 .text.usart0PutByte
                0x00000000000020fa        0x4 lib\mega2.X.a(usart.o)
                0x00000000000020fa                usart0PutByte
 .text.usart0GetByte
                0x00000000000020fe        0x4 lib\mega2.X.a(usart.o)
                0x00000000000020fe                usart0GetByte
 .text.UARTDataFramError0
                0x0000000000002102       0x10 lib\mega2.X.a(usart.o)
                0x0000000000002102                UARTDataFramError0
 .text.usartInit
                0x0000000000002112       0x10 lib\mega2.X.a(usart.o)
                0x0000000000002112                usartInit
 .text.map      0x0000000000002122       0x68 lib\mega2.X.a(utility.o)
                0x0000000000002122                map
 .text.power2   0x000000000000218a       0x18 lib\mega2.X.a(utility.o)
                0x000000000000218a                power2
 .text.Match_2BUF
                0x00000000000021a2       0x1e lib\mega2.X.a(utility.o)
                0x00000000000021a2                Match_2BUF
 .text.copyBuff
                0x00000000000021c0       0x18 lib\mega2.X.a(utility.o)
                0x00000000000021c0                copyBuff
 .text.setBuff  0x00000000000021d8       0x12 lib\mega2.X.a(utility.o)
                0x00000000000021d8                setBuff
 .text.MatchBufWithValue
                0x00000000000021ea       0x1a lib\mega2.X.a(utility.o)
                0x00000000000021ea                MatchBufWithValue
 .text.csmaCRCCheck
                0x0000000000002204       0x24 lib\mega2.X.a(utility.o)
                0x0000000000002204                csmaCRCCheck
 .text.startup.main
                0x0000000000002228       0x3e lib\mega2.X.a(mega.o)
                0x0000000000002228                main
 .text.structBufferInit
                0x0000000000002266       0x18 lib\mega2.X.a(buffers.o)
                0x0000000000002266                structBufferInit
 .text.getByte  0x000000000000227e       0x32 lib\mega2.X.a(buffers.o)
                0x000000000000227e                getByte
 .text.putByte  0x00000000000022b0       0x34 lib\mega2.X.a(buffers.o)
                0x00000000000022b0                putByte
 .text.putStruct
                0x00000000000022e4       0x60 lib\mega2.X.a(buffers.o)
                0x00000000000022e4                putStruct
 .text.getStruct
                0x0000000000002344       0x4a lib\mega2.X.a(buffers.o)
                0x0000000000002344                getStruct
 .text.libgcc.div
                0x000000000000238e       0x44 f:/embbeded system/avr8-gnu-toolchain-win32_x86_64/bin/../lib/gcc/avr/7.3.0/avr5\libgcc.a(_udivmodsi4.o)
                0x000000000000238e                __udivmodsi4
 .text.libgcc   0x00000000000023d2        0xc f:/embbeded system/avr8-gnu-toolchain-win32_x86_64/bin/../lib/gcc/avr/7.3.0/avr5\libgcc.a(_tablejump2.o)
                0x00000000000023d2                __tablejump2__
 .text.libgcc.mul
                0x00000000000023de       0x1e f:/embbeded system/avr8-gnu-toolchain-win32_x86_64/bin/../lib/gcc/avr/7.3.0/avr5\libgcc.a(_umulhisi3.o)
                0x00000000000023de                __umulhisi3
 .text.libgcc.mul
                0x00000000000023fc       0x16 f:/embbeded system/avr8-gnu-toolchain-win32_x86_64/bin/../lib/gcc/avr/7.3.0/avr5\libgcc.a(_muluhisi3.o)
                0x00000000000023fc                __muluhisi3
 .text.libgcc.mul
                0x0000000000002412       0x10 f:/embbeded system/avr8-gnu-toolchain-win32_x86_64/bin/../lib/gcc/avr/7.3.0/avr5\libgcc.a(_mulshisi3.o)
                0x0000000000002412                __mulshisi3
                0x0000000000002418                __mulohisi3
 .text.avr-libc
                0x0000000000002422      0x148 f:/embbeded system/avr8-gnu-toolchain-win32_x86_64/bin/../lib/gcc/avr/7.3.0/../../../../avr/lib/avr5\libc.a(random.o)
                0x0000000000002422                random_r
                0x00000000000024ba                random
                0x0000000000002558                srandom
 .text.libgcc.div
                0x000000000000256a       0x2e f:/embbeded system/avr8-gnu-toolchain-win32_x86_64/bin/../lib/gcc/avr/7.3.0/avr5\libgcc.a(_divmodsi4.o)
                0x000000000000256a                __divmodsi4
 .text.libgcc.div
                0x0000000000002598       0x10 f:/embbeded system/avr8-gnu-toolchain-win32_x86_64/bin/../lib/gcc/avr/7.3.0/avr5\libgcc.a(_negsi2.o)
                0x0000000000002598                __negsi2
                0x00000000000025a8                . = ALIGN (0x2)
 *(.fini9)
 .fini9         0x00000000000025a8        0x0 f:/embbeded system/avr8-gnu-toolchain-win32_x86_64/bin/../lib/gcc/avr/7.3.0/avr5\libgcc.a(_exit.o)
                0x00000000000025a8                _exit
                0x00000000000025a8                exit
 *(.fini9)
 *(.fini8)
 *(.fini8)
 *(.fini7)
 *(.fini7)
 *(.fini6)
 *(.fini6)
 *(.fini5)
 *(.fini5)
 *(.fini4)
 *(.fini4)
 *(.fini3)
 *(.fini3)
 *(.fini2)
 *(.fini2)
 *(.fini1)
 *(.fini1)
 *(.fini0)
 .fini0         0x00000000000025a8        0x4 f:/embbeded system/avr8-gnu-toolchain-win32_x86_64/bin/../lib/gcc/avr/7.3.0/avr5\libgcc.a(_exit.o)
 *(.fini0)
                0x00000000000025ac                _etext = .

.data           0x0000000000800060        0x4 load address 0x00000000000025ac
                0x0000000000800060                PROVIDE (__data_start, .)
 *(.data)
 .data          0x0000000000800060        0x4 f:/embbeded system/avr8-gnu-toolchain-win32_x86_64/bin/../lib/gcc/avr/7.3.0/../../../../avr/lib/avr5\libc.a(random.o)
 *(.data*)
 *(.gnu.linkonce.d*)
 *(.rodata)
 *(.rodata*)
 *(.gnu.linkonce.r*)
                0x0000000000800064                . = ALIGN (0x2)
                0x0000000000800064                _edata = .
                0x0000000000800064                PROVIDE (__data_end, .)

.bss            0x0000000000800064      0x103
                0x0000000000800064                PROVIDE (__bss_start, .)
 *(.bss)
 *(.bss*)
 .bss.gu8EventState
                0x0000000000800064        0x1 build/ATmega16A/production/src/Events.o
 .bss.gu8SwEventsCallBack
                0x0000000000800065        0x1 build/ATmega16A/production/src/Events.o
 .bss.gu8EMGUserState
                0x0000000000800066        0x1 build/ATmega16A/production/src/userSystem.o
 .bss.gu8UserSystemLast
                0x0000000000800067        0x1 build/ATmega16A/production/src/userSystem.o
 .bss.gu8UserSystem
                0x0000000000800068        0x1 build/ATmega16A/production/src/userSystem.o
 .bss.gsSystemConfig
                0x0000000000800069        0x5 build/ATmega16A/production/src/configuration.o
 .bss.gstboardInfo
                0x000000000080006e        0xa build/ATmega16A/production/src/configuration.o
 .bss.gstPowerOnTimeOut
                0x0000000000800078        0x4 build/ATmega16A/production/src/PowerOn.o
 .bss.gu8PowerOnState
                0x000000000080007c        0x1 build/ATmega16A/production/src/PowerOn.o
 .bss.gu8NetworkClientState
                0x000000000080007d        0x1 build/ATmega16A/production/src/network.o
 .bss.gsCallPoint
                0x000000000080007e        0x5 build/ATmega16A/production/src/network.o
 .bss.gpButtonEvent
                0x0000000000800083        0x2 lib\mega2.X.a(button.o)
 .bss.gpConstPointer
                0x0000000000800085        0x2 lib\mega2.X.a(button.o)
 .bss.gstButtonLongPrssTimeOut
                0x0000000000800087        0x4 lib\mega2.X.a(button.o)
 .bss.gstButtonByteBufferDescriptor
                0x000000000080008b        0x7 lib\mega2.X.a(button.o)
 .bss.gButtonEventQueue
                0x0000000000800092        0x6 lib\mega2.X.a(button.o)
 .bss.gpFunButtonKeyEvents
                0x0000000000800098        0x6 lib\mega2.X.a(button.o)
 .bss.gu8ButtonDounceCounter
                0x000000000080009e        0x1 lib\mega2.X.a(button.o)
 .bss.gu8ButtonStateFromQueue
                0x000000000080009f        0x2 lib\mega2.X.a(button.o)
 .bss.gu8ButtonState
                0x00000000008000a1        0x1 lib\mega2.X.a(button.o)
 .bss.gu8ButtonLastCode
                0x00000000008000a2        0x1 lib\mega2.X.a(button.o)
 .bss.gu8ButtonCurrentCode
                0x00000000008000a3        0x1 lib\mega2.X.a(button.o)
 .bss.gu8ButtonKeyCode
                0x00000000008000a4        0x1 lib\mega2.X.a(button.o)
 .bss.gu8buttonFlags
                0x00000000008000a5        0x1 lib\mega2.X.a(button.o)
 .bss.gsNetWorkFiledRequest
                0x00000000008000a6        0x4 lib\mega2.X.a(csma.o)
 .bss.gu8SendAckState
                0x00000000008000aa        0x1 lib\mega2.X.a(csma.o)
 .bss.gpFunctionSaveSerial
                0x00000000008000ab        0x2 lib\mega2.X.a(csma.o)
 .bss.gu8LoadIp
                0x00000000008000ad        0x1 lib\mega2.X.a(csma.o)
 .bss.gu8SaveSerialState
                0x00000000008000ae        0x1 lib\mega2.X.a(csma.o)
 .bss.gu8CurrentTimerRun
                0x00000000008000af        0x1 lib\mega2.X.a(csma.o)
 .bss.guTimeActtivationCode
                0x00000000008000b0        0x4 lib\mega2.X.a(csma.o)
 .bss.gu8SystemServer
                0x00000000008000b4        0x1 lib\mega2.X.a(csma.o)
 .bss.gu8SendStateRequest
                0x00000000008000b5        0x1 lib\mega2.X.a(csma.o)
 .bss.gu8ReceiverBuffer
                0x00000000008000b6       0x1d lib\mega2.X.a(csma.o)
 .bss.gu8ReceivByteCounter
                0x00000000008000d3        0x1 lib\mega2.X.a(csma.o)
 .bss.gpFunOnFrameState
                0x00000000008000d4        0x2 lib\mega2.X.a(csma.o)
 .bss.gu8TransmittAckBuffer
                0x00000000008000d6        0x9 lib\mega2.X.a(csma.o)
 .bss.gu8TransmissionBuffer
                0x00000000008000df       0x1d lib\mega2.X.a(csma.o)
 .bss.guTLastGetAssignAddressCode
                0x00000000008000fc        0x4 lib\mega2.X.a(csma.o)
 .bss.gu8StationAddress
                0x0000000000800100        0x1 lib\mega2.X.a(csma.o)
 .bss.gu8NumberOfTry
                0x0000000000800101        0x1 lib\mega2.X.a(csma.o)
 .bss.gu8NewTransmitState
                0x0000000000800102        0x1 lib\mega2.X.a(csma.o)
 .bss.gu8CW     0x0000000000800103        0x1 lib\mega2.X.a(csma.o)
 .bss.gu8CoillisonCounter
                0x0000000000800104        0x1 lib\mega2.X.a(csma.o)
 .bss.gu8MaxTransmitByte
                0x0000000000800105        0x1 lib\mega2.X.a(csma.o)
 .bss.gu8TransmitByteCounter
                0x0000000000800106        0x1 lib\mega2.X.a(csma.o)
 .bss.gu8ManagmentSystemState
                0x0000000000800107        0x1 lib\mega2.X.a(csma.o)
 .bss.gu8CurrentAssignmetAddress
                0x0000000000800108        0x1 lib\mega2.X.a(csma.o)
 .bss.gpFunDataRequest
                0x0000000000800109        0x2 lib\mega2.X.a(csma.o)
 .bss.gpFunResponseFrame
                0x000000000080010b        0x2 lib\mega2.X.a(csma.o)
 .bss.gu8UserSendState
                0x000000000080010d        0x1 lib\mega2.X.a(csma.o)
 .bss.gu8UserReceiverState
                0x000000000080010e        0x1 lib\mega2.X.a(csma.o)
 .bss.gu8CsmaUserData
                0x000000000080010f       0x14 lib\mega2.X.a(csma.o)
 .bss.gu8len    0x0000000000800123        0x1 lib\mega2.X.a(csma.o)
 .bss.gu8OtherDeviceSA
                0x0000000000800124        0x1 lib\mega2.X.a(csma.o)
 .bss.gu8OtherDeviceDA
                0x0000000000800125        0x1 lib\mega2.X.a(csma.o)
 .bss.gu8eeprom_read_buf
                0x0000000000800126        0xa lib\mega2.X.a(eeprom.o)
 .bss.gu8halfSecondEvent
                0x0000000000800130        0x1 lib\mega2.X.a(system.o)
 .bss.gu8SecondEventFlag
                0x0000000000800131        0x1 lib\mega2.X.a(system.o)
 .bss.gu16SecondEvent
                0x0000000000800132        0x2 lib\mega2.X.a(system.o)
 .bss.gu8NumberOFusPerMs
                0x0000000000800134        0x1 lib\mega2.X.a(system.o)
 .bss.gu32SystemTime
                0x0000000000800135        0x4 lib\mega2.X.a(system.o)
 .bss.gu32TimeMs
                0x0000000000800139        0x4 lib\mega2.X.a(system.o)
 .bss.gu32SystemTick
                0x000000000080013d        0x4 lib\mega2.X.a(system.o)
 .bss.gstTones  0x0000000000800141       0x16 lib\mega2.X.a(tone.o)
 *(COMMON)
 COMMON         0x0000000000800157        0x2 build/ATmega16A/production/src/Requests.o
                0x0000000000800157                gpSystemConig
 COMMON         0x0000000000800159        0x2 build/ATmega16A/production/src/configuration.o
                0x0000000000800159                gu8IP
                0x000000000080015a                gu8WriteState
 COMMON         0x000000000080015b        0xc lib\mega2.X.a(eeprom.o)
                0x000000000080015b                gpu8data
                0x000000000080015d                gu16address
                0x000000000080015f                gu8RW
                0x0000000000800160                gu8size
                0x0000000000800161                gstEepromTimeOut
                0x0000000000800165                gu8DataIndex
                0x0000000000800166                gu8State
                0x0000000000800167                PROVIDE (__bss_end, .)
                0x00000000000025ac                __data_load_start = LOADADDR (.data)
                0x00000000000025b0                __data_load_end = (__data_load_start + SIZEOF (.data))

.noinit         0x0000000000800167        0x0
                [!provide]                        PROVIDE (__noinit_start, .)
 *(.noinit*)
                [!provide]                        PROVIDE (__noinit_end, .)
                0x0000000000800167                _end = .
                [!provide]                        PROVIDE (__heap_start, .)

.eeprom         0x0000000000810000        0x0
 *(.eeprom*)
                0x0000000000810000                __eeprom_end = .

.fuse
 *(.fuse)
 *(.lfuse)
 *(.hfuse)
 *(.efuse)

.lock
 *(.lock*)

.signature
 *(.signature*)

.user_signatures
 *(.user_signatures*)

.stab
 *(.stab)

.stabstr
 *(.stabstr)

.stab.excl
 *(.stab.excl)

.stab.exclstr
 *(.stab.exclstr)

.stab.index
 *(.stab.index)

.stab.indexstr
 *(.stab.indexstr)

.comment        0x0000000000000000       0x30
 *(.comment)
 .comment       0x0000000000000000       0x30 build/ATmega16A/production/src/app.o
                                         0x31 (size before relaxing)
 .comment       0x0000000000000030       0x31 build/ATmega16A/production/src/Requests.o
 .comment       0x0000000000000030       0x31 build/ATmega16A/production/src/Events.o
 .comment       0x0000000000000030       0x31 build/ATmega16A/production/src/userSystem.o
 .comment       0x0000000000000030       0x31 build/ATmega16A/production/src/configuration.o
 .comment       0x0000000000000030       0x31 build/ATmega16A/production/src/PowerOn.o
 .comment       0x0000000000000030       0x31 build/ATmega16A/production/src/network.o
 .comment       0x0000000000000030       0x31 lib\mega2.X.a(button.o)
 .comment       0x0000000000000030       0x31 lib\mega2.X.a(csma.o)
 .comment       0x0000000000000030       0x31 lib\mega2.X.a(eeprom.o)
 .comment       0x0000000000000030       0x31 lib\mega2.X.a(system.o)
 .comment       0x0000000000000030       0x31 lib\mega2.X.a(tone.o)
 .comment       0x0000000000000030       0x31 lib\mega2.X.a(usart.o)
 .comment       0x0000000000000030       0x31 lib\mega2.X.a(utility.o)
 .comment       0x0000000000000030       0x31 lib\mega2.X.a(mega.o)
 .comment       0x0000000000000030       0x31 lib\mega2.X.a(buffers.o)
 .comment       0x0000000000000030       0x31 f:/embbeded system/avr8-gnu-toolchain-win32_x86_64/bin/../lib/gcc/avr/7.3.0/../../../../avr/lib/avr5\libc.a(random.o)

.note.gnu.avr.deviceinfo
                0x0000000000000000       0x3c
 .note.gnu.avr.deviceinfo
                0x0000000000000000       0x3c C:/Program Files/Microchip/MPLABX/v6.05/packs/Microchip/ATmega_DFP/3.0.158/gcc/dev/atmega16a/avr5/crtatmega16a.o

.note.gnu.build-id
 *(.note.gnu.build-id)

.debug
 *(.debug)

.line
 *(.line)

.debug_srcinfo
 *(.debug_srcinfo)

.debug_sfnames
 *(.debug_sfnames)

.debug_aranges
 *(.debug_aranges)

.debug_pubnames
 *(.debug_pubnames)

.debug_info     0x0000000000000000      0x52e
 *(.debug_info .gnu.linkonce.wi.*)
 .debug_info    0x0000000000000000      0x52e C:/Program Files/Microchip/MPLABX/v6.05/packs/Microchip/ATmega_DFP/3.0.158/gcc/dev/atmega16a/avr5/crtatmega16a.o

.debug_abbrev   0x0000000000000000      0x4e7
 *(.debug_abbrev)
 .debug_abbrev  0x0000000000000000      0x4e7 C:/Program Files/Microchip/MPLABX/v6.05/packs/Microchip/ATmega_DFP/3.0.158/gcc/dev/atmega16a/avr5/crtatmega16a.o

.debug_line     0x0000000000000000      0x115
 *(.debug_line .debug_line.* .debug_line_end)
 .debug_line    0x0000000000000000      0x115 C:/Program Files/Microchip/MPLABX/v6.05/packs/Microchip/ATmega_DFP/3.0.158/gcc/dev/atmega16a/avr5/crtatmega16a.o

.debug_frame
 *(.debug_frame)

.debug_str      0x0000000000000000      0x1af
 *(.debug_str)
 .debug_str     0x0000000000000000      0x1af C:/Program Files/Microchip/MPLABX/v6.05/packs/Microchip/ATmega_DFP/3.0.158/gcc/dev/atmega16a/avr5/crtatmega16a.o

.debug_loc
 *(.debug_loc)

.debug_macinfo
 *(.debug_macinfo)

.debug_weaknames
 *(.debug_weaknames)

.debug_funcnames
 *(.debug_funcnames)

.debug_typenames
 *(.debug_typenames)

.debug_varnames
 *(.debug_varnames)

.debug_pubtypes
 *(.debug_pubtypes)

.debug_ranges
 *(.debug_ranges)

.debug_macro
 *(.debug_macro)
OUTPUT(dist/ATmega16A/production/CallPoint.X.production.elf elf32-avr)
LOAD linker stubs
